
> ai-edu-predictor-frontend@1.0.0 build
> react-scripts build

node.exe : node:interna
l/modules/cjs/loader:14
59
At line:1 char:1
+ & "C:\Program 
Files\nodejs/node.exe" 
"C:\Program 
Files\nodejs/node_mo 
...
+ ~~~~~~~~~~~~~~~~~~~~~
~~~~~~~~~~~~~~~~~~~~~~~
~~~~~~~~~~~~~~~~~~~~~~~
~~
    + CategoryInfo     
         : NotSpecifi  
  ed: (node:internal   
 /modules/cjs/loade    
r:1459:String) [],     
RemoteException
    + FullyQualifiedEr 
   rorId : NativeComm  
  andError
 
  throw err;
  ^

Error: Cannot find 
module 'ajv/dist/compil
e/codegen'
Require stack:
- C:\Users\manid\Downlo
ads\ai-edu-predictor\fr
ontend\node_modules\ajv
-keywords\dist\definiti
ons\typeof.js
- C:\Users\manid\Downlo
ads\ai-edu-predictor\fr
ontend\node_modules\ajv
-keywords\dist\keywords
\typeof.js
- C:\Users\manid\Downlo
ads\ai-edu-predictor\fr
ontend\node_modules\ajv
-keywords\dist\keywords
\index.js
- C:\Users\manid\Downlo
ads\ai-edu-predictor\fr
ontend\node_modules\ajv
-keywords\dist\index.js
- C:\Users\manid\Downlo
ads\ai-edu-predictor\fr
ontend\node_modules\sch
ema-utils\dist\validate
.js
- C:\Users\manid\Downlo
ads\ai-edu-predictor\fr
ontend\node_modules\sch
ema-utils\dist\index.js
- C:\Users\manid\Downlo
ads\ai-edu-predictor\fr
ontend\node_modules\ter
ser-webpack-plugin\dist
\index.js
- C:\Users\manid\Downlo
ads\ai-edu-predictor\fr
ontend\node_modules\rea
ct-scripts\config\webpa
ck.config.js
- C:\Users\manid\Downlo
ads\ai-edu-predictor\fr
ontend\node_modules\rea
ct-scripts\scripts\buil
d.js
    at Module._resolveF
ilename (node:internal/
modules/cjs/loader:1456
:15)
    at 
defaultResolveImpl (nod
e:internal/modules/cjs/
loader:1066:19)
    at 
resolveForCJSWithHooks 
(node:internal/modules/
cjs/loader:1071:22)
    at Module._load (no
de:internal/modules/cjs
/loader:1242:25)
    at wrapModuleLoad (
node:internal/modules/c
js/loader:255:19)
    at Module.require (
node:internal/modules/c
js/loader:1556:12)
    at require (node:in
ternal/modules/helpers:
152:16)
    at 
Object.<anonymous> (C:\
Users\manid\Downloads\a
i-edu-predictor\fronten
d\node_modules\ajv-keyw
ords\dist\definitions\t
ypeof.js:3:19)
    at Module._compile 
(node:internal/modules/
cjs/loader:1812:14)
    at Object..js (node
:internal/modules/cjs/l
oader:1943:10) {
  code: 
'MODULE_NOT_FOUND',
  requireStack: [
    'C:\\Users\\manid\\
Downloads\\ai-edu-predi
ctor\\frontend\\node_mo
dules\\ajv-keywords\\di
st\\definitions\\typeof
.js',
    'C:\\Users\\manid\\
Downloads\\ai-edu-predi
ctor\\frontend\\node_mo
dules\\ajv-keywords\\di
st\\keywords\\typeof.js
',
    'C:\\Users\\manid\\
Downloads\\ai-edu-predi
ctor\\frontend\\node_mo
dules\\ajv-keywords\\di
st\\keywords\\index.js'
,
    'C:\\Users\\manid\\
Downloads\\ai-edu-predi
ctor\\frontend\\node_mo
dules\\ajv-keywords\\di
st\\index.js',
    'C:\\Users\\manid\\
Downloads\\ai-edu-predi
ctor\\frontend\\node_mo
dules\\schema-utils\\di
st\\validate.js',
    'C:\\Users\\manid\\
Downloads\\ai-edu-predi
ctor\\frontend\\node_mo
dules\\schema-utils\\di
st\\index.js',
    'C:\\Users\\manid\\
Downloads\\ai-edu-predi
ctor\\frontend\\node_mo
dules\\terser-webpack-p
lugin\\dist\\index.js',
    'C:\\Users\\manid\\
Downloads\\ai-edu-predi
ctor\\frontend\\node_mo
dules\\react-scripts\\c
onfig\\webpack.config.j
s',
    'C:\\Users\\manid\\
Downloads\\ai-edu-predi
ctor\\frontend\\node_mo
dules\\react-scripts\\s
cripts\\build.js'
  ]
}

Node.js v24.14.0
